// Jest Snapshot v1, https://goo.gl/fbAQLP

exports[`should render Add expenses on pate 1`] = `
<div>
  <h2>
    Adding Expense
  </h2>
  <ExpenseForm
    onSubmit={[Function]}
  />
</div>
`;
