// Jest Snapshot v1, https://goo.gl/fbAQLP

exports[`should render expense list with empty expenses 1`] = `
<div>
  <p>
    No Expenses
  </p>
</div>
`;

exports[`should render expense list with expenses 1`] = `
<div>
  <ExpenseListItem
    amount={10}
    createdAt={0}
    description="One"
    id="1"
    key="1"
    note="buck"
  />
  <ExpenseListItem
    amount={900}
    createdAt={-345600000}
    description="Two"
    id="2"
    key="2"
    note=""
  />
  <ExpenseListItem
    amount={4500}
    createdAt={345600000}
    description="Three"
    id="3"
    key="3"
    note=""
  />
</div>
`;
