// Jest Snapshot v1, https://goo.gl/fbAQLP

exports[`Should render Header Component 1`] = `
<header>
  <h1>
    Expensify
  </h1>
  <nav
    className="nav-links"
  >
    <NavLink
      activeClassName="is-active"
      ariaCurrent="true"
      exact={true}
      to="/"
    >
      Home
    </NavLink>
    <NavLink
      activeClassName="is-active"
      ariaCurrent="true"
      exact={true}
      to="/add"
    >
      Add
    </NavLink>
    <NavLink
      activeClassName="is-active"
      ariaCurrent="true"
      exact={true}
      to="/help"
    >
      Help
    </NavLink>
  </nav>
</header>
`;
