// Jest Snapshot v1, https://goo.gl/fbAQLP

exports[`should load home page 1`] = `
<div>
  <p>
    Home Page
  </p>
  <hr />
  <Connect(ExpenseListFilters) />
  <Connect(ExpenseList) />
</div>
`;
